mode: set
github.com/TylerConlee/TicketPulse/main.go:31.13,63.2 12 0
github.com/TylerConlee/TicketPulse/main.go:65.21,68.18 2 0
github.com/TylerConlee/TicketPulse/main.go:68.18,70.3 1 0
github.com/TylerConlee/TicketPulse/main.go:71.2,72.30 2 0
github.com/TylerConlee/TicketPulse/main.go:74.25,76.16 2 0
github.com/TylerConlee/TicketPulse/main.go:76.16,77.85 1 0
github.com/TylerConlee/TicketPulse/main.go:77.85,79.4 1 0
github.com/TylerConlee/TicketPulse/main.go:83.136,97.16 8 0
github.com/TylerConlee/TicketPulse/main.go:97.16,99.3 1 0
github.com/TylerConlee/TicketPulse/main.go:101.2,108.39 4 0
github.com/TylerConlee/TicketPulse/main.go:110.54,111.6 1 0
github.com/TylerConlee/TicketPulse/main.go:111.6,112.27 1 0
github.com/TylerConlee/TicketPulse/main.go:112.27,115.9 3 0
github.com/TylerConlee/TicketPulse/main.go:117.3,118.31 2 0
github.com/TylerConlee/TicketPulse/main.go:122.56,123.6 1 0
github.com/TylerConlee/TicketPulse/main.go:123.6,125.17 2 0
github.com/TylerConlee/TicketPulse/main.go:125.17,128.9 3 0
github.com/TylerConlee/TicketPulse/main.go:130.3,131.31 2 0
github.com/TylerConlee/TicketPulse/main.go:134.32,136.38 2 0
github.com/TylerConlee/TicketPulse/main.go:136.38,137.86 1 0
github.com/TylerConlee/TicketPulse/main.go:137.86,139.4 1 0
github.com/TylerConlee/TicketPulse/main.go:141.2,142.34 2 0
github.com/TylerConlee/TicketPulse/main.go:142.34,144.3 1 0
github.com/TylerConlee/TicketPulse/main.go:145.2,145.13 1 0
github.com/TylerConlee/TicketPulse/main.go:148.31,150.34 2 0
github.com/TylerConlee/TicketPulse/main.go:150.34,152.3 1 0
github.com/TylerConlee/TicketPulse/main.go:154.2,155.34 2 0
github.com/TylerConlee/TicketPulse/main.go:155.34,157.3 1 0
github.com/TylerConlee/TicketPulse/main.go:159.2,159.12 1 0
github.com/TylerConlee/TicketPulse/main.go:162.32,181.2 10 0
github.com/TylerConlee/TicketPulse/main.go:183.61,185.2 1 0
github.com/TylerConlee/TicketPulse/main.go:187.68,189.2 1 0
github.com/TylerConlee/TicketPulse/main.go:191.54,196.82 5 0
github.com/TylerConlee/TicketPulse/main.go:196.82,198.3 1 0
github.com/TylerConlee/TicketPulse/main.go:199.2,199.80 1 0
github.com/TylerConlee/TicketPulse/main.go:199.80,201.3 1 0
github.com/TylerConlee/TicketPulse/main.go:202.2,202.88 1 0
github.com/TylerConlee/TicketPulse/main.go:202.88,204.3 1 0
github.com/TylerConlee/TicketPulse/main.go:205.2,205.96 1 0
github.com/TylerConlee/TicketPulse/main.go:205.96,207.3 1 0
github.com/TylerConlee/TicketPulse/main.go:208.2,208.104 1 0
github.com/TylerConlee/TicketPulse/main.go:208.104,210.3 1 0
github.com/TylerConlee/TicketPulse/main.go:211.2,211.105 1 0
github.com/TylerConlee/TicketPulse/main.go:211.105,213.3 1 0
github.com/TylerConlee/TicketPulse/main.go:214.2,214.103 1 0
github.com/TylerConlee/TicketPulse/main.go:214.103,216.3 1 0
github.com/TylerConlee/TicketPulse/main.go:217.2,217.95 1 0
github.com/TylerConlee/TicketPulse/main.go:217.95,219.3 1 0
github.com/TylerConlee/TicketPulse/main.go:220.2,220.92 1 0
github.com/TylerConlee/TicketPulse/main.go:220.92,222.3 1 0
github.com/TylerConlee/TicketPulse/main.go:224.2,226.18 2 0
github.com/TylerConlee/TicketPulse/main.go:229.46,241.2 10 0
github.com/TylerConlee/TicketPulse/main.go:243.33,245.56 2 0
github.com/TylerConlee/TicketPulse/main.go:245.56,247.3 1 0
github.com/TylerConlee/TicketPulse/middlewares/notification.go:26.86,39.22 5 0
github.com/TylerConlee/TicketPulse/middlewares/notification.go:39.22,42.3 2 0
github.com/TylerConlee/TicketPulse/middlewares/notification.go:46.66,48.2 1 0
github.com/TylerConlee/TicketPulse/middlewares/notification.go:51.61,52.71 1 0
github.com/TylerConlee/TicketPulse/middlewares/notification.go:52.71,64.3 6 0
github.com/TylerConlee/TicketPulse/middlewares/notification.go:68.66,70.9 2 0
github.com/TylerConlee/TicketPulse/middlewares/notification.go:70.9,72.3 1 0
github.com/TylerConlee/TicketPulse/middlewares/notification.go:73.2,73.22 1 0
github.com/TylerConlee/TicketPulse/middlewares/sse.go:16.32,21.2 1 0
github.com/TylerConlee/TicketPulse/middlewares/sse.go:23.71,25.9 2 0
github.com/TylerConlee/TicketPulse/middlewares/sse.go:25.9,28.3 2 0
github.com/TylerConlee/TicketPulse/middlewares/sse.go:30.2,35.15 5 0
github.com/TylerConlee/TicketPulse/middlewares/sse.go:35.15,40.3 4 0
github.com/TylerConlee/TicketPulse/middlewares/sse.go:42.2,48.54 5 0
github.com/TylerConlee/TicketPulse/middlewares/sse.go:48.54,56.3 3 0
github.com/TylerConlee/TicketPulse/middlewares/sse.go:57.2,59.6 2 0
github.com/TylerConlee/TicketPulse/middlewares/sse.go:59.6,60.10 1 0
github.com/TylerConlee/TicketPulse/middlewares/sse.go:61.34,63.19 2 0
github.com/TylerConlee/TicketPulse/middlewares/sse.go:64.29,65.10 1 0
github.com/TylerConlee/TicketPulse/middlewares/sse.go:70.47,75.66 4 0
github.com/TylerConlee/TicketPulse/middlewares/sse.go:75.66,76.81 1 0
github.com/TylerConlee/TicketPulse/middlewares/sse.go:76.81,82.27 4 0
github.com/TylerConlee/TicketPulse/middlewares/sse.go:82.27,84.5 1 0
github.com/TylerConlee/TicketPulse/middlewares/sse.go:86.4,86.43 1 0
github.com/TylerConlee/TicketPulse/middlewares/sse.go:90.2,90.32 1 0
github.com/TylerConlee/TicketPulse/middlewares/sse.go:90.32,92.3 1 0
github.com/TylerConlee/TicketPulse/services/mocks/slack_mock.go:16.43,19.2 2 0
github.com/TylerConlee/TicketPulse/services/mocks/slack_mock.go:22.70,25.26 3 0
github.com/TylerConlee/TicketPulse/services/mocks/slack_mock.go:25.26,27.3 1 0
github.com/TylerConlee/TicketPulse/services/mocks/slack_mock.go:28.2,28.53 1 0
github.com/TylerConlee/TicketPulse/services/mocks/slack_mock.go:32.71,35.2 2 0
github.com/TylerConlee/TicketPulse/services/mocks/slack_mock.go:38.171,41.2 2 0
github.com/TylerConlee/TicketPulse/services/mocks/slack_mock.go:44.75,47.2 2 0
github.com/TylerConlee/TicketPulse/services/mocks/slack_mock.go:50.46,52.2 1 0
github.com/TylerConlee/TicketPulse/services/mocks/zendesk_mock.go:18.112,22.20 4 0
github.com/TylerConlee/TicketPulse/services/mocks/zendesk_mock.go:22.20,24.3 1 0
github.com/TylerConlee/TicketPulse/services/mocks/zendesk_mock.go:25.2,25.20 1 0
github.com/TylerConlee/TicketPulse/services/mocks/zendesk_mock.go:25.20,27.3 1 0
github.com/TylerConlee/TicketPulse/services/mocks/zendesk_mock.go:28.2,28.88 1 0
github.com/TylerConlee/TicketPulse/services/mocks/zendesk_mock.go:32.98,35.20 3 0
github.com/TylerConlee/TicketPulse/services/mocks/zendesk_mock.go:35.20,37.3 1 0
github.com/TylerConlee/TicketPulse/services/mocks/zendesk_mock.go:38.2,38.50 1 0
github.com/TylerConlee/TicketPulse/services/mocks/zendesk_mock.go:42.111,45.20 3 0
github.com/TylerConlee/TicketPulse/services/mocks/zendesk_mock.go:45.20,47.3 1 0
github.com/TylerConlee/TicketPulse/services/mocks/zendesk_mock.go:48.2,48.50 1 0
github.com/TylerConlee/TicketPulse/services/mocks/zendesk_mock.go:52.81,55.17 3 0
github.com/TylerConlee/TicketPulse/services/mocks/zendesk_mock.go:55.17,57.3 1 0
github.com/TylerConlee/TicketPulse/services/mocks/zendesk_mock.go:58.2,58.44 1 0
github.com/TylerConlee/TicketPulse/services/mocks/zendesk_mock.go:62.121,65.20 3 0
github.com/TylerConlee/TicketPulse/services/mocks/zendesk_mock.go:65.20,67.3 1 0
github.com/TylerConlee/TicketPulse/services/mocks/zendesk_mock.go:68.2,68.63 1 0
github.com/TylerConlee/TicketPulse/services/mocks/zendesk_mock.go:72.84,75.17 3 0
github.com/TylerConlee/TicketPulse/services/mocks/zendesk_mock.go:75.17,77.3 1 0
github.com/TylerConlee/TicketPulse/services/mocks/zendesk_mock.go:78.2,78.45 1 0
github.com/TylerConlee/TicketPulse/services/mocks/zendesk_mock.go:82.103,85.16 3 0
github.com/TylerConlee/TicketPulse/services/mocks/zendesk_mock.go:85.16,87.3 1 0
github.com/TylerConlee/TicketPulse/services/mocks/zendesk_mock.go:88.2,88.52 1 0
github.com/TylerConlee/TicketPulse/services/mocks/zendesk_mock.go:92.95,95.2 2 0
github.com/TylerConlee/TicketPulse/services/mocks/zendesk_mock.go:98.233,101.2 2 0
github.com/TylerConlee/TicketPulse/testutil/http.go:19.79,20.90 1 0
github.com/TylerConlee/TicketPulse/testutil/http.go:20.90,21.49 1 0
github.com/TylerConlee/TicketPulse/testutil/http.go:21.49,22.50 1 0
github.com/TylerConlee/TicketPulse/testutil/http.go:22.50,24.29 2 0
github.com/TylerConlee/TicketPulse/testutil/http.go:24.29,26.6 1 0
github.com/TylerConlee/TicketPulse/testutil/http.go:27.5,27.11 1 0
github.com/TylerConlee/TicketPulse/testutil/http.go:31.3,31.50 1 0
github.com/TylerConlee/TicketPulse/testutil/http.go:37.84,39.36 2 0
github.com/TylerConlee/TicketPulse/testutil/http.go:39.36,41.3 1 0
github.com/TylerConlee/TicketPulse/testutil/http.go:42.2,42.44 1 0
github.com/TylerConlee/TicketPulse/testutil/http.go:46.81,48.2 1 0
github.com/TylerConlee/TicketPulse/testutil/session.go:15.107,22.2 6 0
github.com/TylerConlee/TicketPulse/testutil/session.go:25.70,27.2 1 0
github.com/TylerConlee/TicketPulse/testutil/session.go:30.115,36.2 5 0
github.com/TylerConlee/TicketPulse/testutil/testutil.go:10.36,12.2 1 0
github.com/TylerConlee/TicketPulse/testutil/testutil.go:15.46,16.21 1 0
github.com/TylerConlee/TicketPulse/testutil/testutil.go:16.21,18.3 1 0
github.com/TylerConlee/TicketPulse/testutil/testutil.go:27.38,31.2 1 0
github.com/TylerConlee/TicketPulse/testutil/testutil.go:34.34,36.2 1 0
github.com/TylerConlee/TicketPulse/testutil/testutil.go:39.48,41.2 1 0
github.com/TylerConlee/TicketPulse/db/database.go:33.29,35.2 1 1
github.com/TylerConlee/TicketPulse/db/database.go:36.37,38.2 1 1
github.com/TylerConlee/TicketPulse/db/database.go:40.50,42.2 1 1
github.com/TylerConlee/TicketPulse/db/database.go:44.66,46.2 1 1
github.com/TylerConlee/TicketPulse/db/database.go:48.40,50.2 1 1
github.com/TylerConlee/TicketPulse/db/database.go:52.76,54.2 1 1
github.com/TylerConlee/TicketPulse/db/database.go:56.83,58.2 1 1
github.com/TylerConlee/TicketPulse/db/database.go:60.83,62.2 1 1
github.com/TylerConlee/TicketPulse/db/database.go:64.89,66.2 1 1
github.com/TylerConlee/TicketPulse/db/database.go:68.84,70.2 1 1
github.com/TylerConlee/TicketPulse/db/database.go:72.86,74.2 1 1
github.com/TylerConlee/TicketPulse/db/database.go:76.111,78.2 1 1
github.com/TylerConlee/TicketPulse/db/database.go:80.104,82.2 1 1
github.com/TylerConlee/TicketPulse/db/database.go:84.43,86.16 2 1
github.com/TylerConlee/TicketPulse/db/database.go:86.16,88.3 1 0
github.com/TylerConlee/TicketPulse/db/database.go:90.2,93.43 2 1
github.com/TylerConlee/TicketPulse/db/database.go:93.43,95.3 1 0
github.com/TylerConlee/TicketPulse/db/database.go:97.2,98.14 2 1
github.com/TylerConlee/TicketPulse/db/database.go:100.42,164.33 2 1
github.com/TylerConlee/TicketPulse/db/database.go:164.33,165.41 1 1
github.com/TylerConlee/TicketPulse/db/database.go:165.41,167.4 1 0
github.com/TylerConlee/TicketPulse/db/database.go:171.2,171.42 1 1
github.com/TylerConlee/TicketPulse/db/database.go:171.42,173.3 1 0
github.com/TylerConlee/TicketPulse/db/database.go:175.2,175.12 1 1
github.com/TylerConlee/TicketPulse/db/database.go:179.45,183.30 3 1
github.com/TylerConlee/TicketPulse/db/database.go:183.30,186.17 2 0
github.com/TylerConlee/TicketPulse/db/database.go:186.17,188.4 1 0
github.com/TylerConlee/TicketPulse/db/database.go:195.2,196.30 2 1
github.com/TylerConlee/TicketPulse/db/database.go:196.30,198.17 2 0
github.com/TylerConlee/TicketPulse/db/database.go:198.17,200.4 1 0
github.com/TylerConlee/TicketPulse/db/database.go:204.2,205.30 2 1
github.com/TylerConlee/TicketPulse/db/database.go:205.30,207.31 2 1
github.com/TylerConlee/TicketPulse/db/database.go:207.31,209.15 2 0
github.com/TylerConlee/TicketPulse/db/database.go:210.52,211.64 1 0
github.com/TylerConlee/TicketPulse/db/database.go:212.20,213.64 1 0
github.com/TylerConlee/TicketPulse/db/database.go:214.68,215.64 1 0
github.com/TylerConlee/TicketPulse/db/database.go:217.4,218.18 2 0
github.com/TylerConlee/TicketPulse/db/database.go:218.18,220.5 1 0
github.com/TylerConlee/TicketPulse/db/database.go:224.2,224.12 1 1
github.com/TylerConlee/TicketPulse/handlers/admin.go:14.91,16.35 1 0
github.com/TylerConlee/TicketPulse/handlers/admin.go:16.35,20.3 2 0
github.com/TylerConlee/TicketPulse/handlers/admin.go:22.2,23.16 2 0
github.com/TylerConlee/TicketPulse/handlers/admin.go:23.16,27.3 3 0
github.com/TylerConlee/TicketPulse/handlers/admin.go:29.2,30.16 2 0
github.com/TylerConlee/TicketPulse/handlers/admin.go:30.16,33.3 2 0
github.com/TylerConlee/TicketPulse/handlers/admin.go:36.84,38.16 2 0
github.com/TylerConlee/TicketPulse/handlers/admin.go:38.16,41.3 2 0
github.com/TylerConlee/TicketPulse/handlers/admin.go:43.2,44.16 2 0
github.com/TylerConlee/TicketPulse/handlers/admin.go:44.16,47.3 2 0
github.com/TylerConlee/TicketPulse/handlers/admin.go:49.2,52.67 3 0
github.com/TylerConlee/TicketPulse/handlers/admin.go:55.78,57.16 2 0
github.com/TylerConlee/TicketPulse/handlers/admin.go:57.16,60.3 2 0
github.com/TylerConlee/TicketPulse/handlers/admin.go:62.2,62.24 1 0
github.com/TylerConlee/TicketPulse/handlers/admin.go:62.24,65.3 2 0
github.com/TylerConlee/TicketPulse/handlers/admin.go:67.2,68.16 2 0
github.com/TylerConlee/TicketPulse/handlers/admin.go:68.16,71.3 2 0
github.com/TylerConlee/TicketPulse/handlers/admin.go:73.2,74.16 2 0
github.com/TylerConlee/TicketPulse/handlers/admin.go:74.16,77.3 2 0
github.com/TylerConlee/TicketPulse/handlers/admin.go:79.2,81.61 2 0
github.com/TylerConlee/TicketPulse/handlers/admin.go:84.93,86.16 2 0
github.com/TylerConlee/TicketPulse/handlers/admin.go:86.16,89.3 2 0
github.com/TylerConlee/TicketPulse/handlers/admin.go:91.2,96.16 5 0
github.com/TylerConlee/TicketPulse/handlers/admin.go:96.16,99.3 2 0
github.com/TylerConlee/TicketPulse/handlers/admin.go:101.2,101.58 1 0
github.com/TylerConlee/TicketPulse/handlers/admin.go:104.80,106.16 2 0
github.com/TylerConlee/TicketPulse/handlers/admin.go:106.16,109.3 2 0
github.com/TylerConlee/TicketPulse/handlers/admin.go:111.2,113.16 3 0
github.com/TylerConlee/TicketPulse/handlers/admin.go:113.16,116.3 2 0
github.com/TylerConlee/TicketPulse/handlers/admin.go:118.2,118.55 1 0
github.com/TylerConlee/TicketPulse/handlers/admin.go:118.55,121.3 2 0
github.com/TylerConlee/TicketPulse/handlers/admin.go:123.2,124.16 2 0
github.com/TylerConlee/TicketPulse/handlers/admin.go:124.16,127.3 2 0
github.com/TylerConlee/TicketPulse/handlers/admin.go:129.2,129.58 1 0
github.com/TylerConlee/TicketPulse/handlers/admin.go:132.77,133.23 1 0
github.com/TylerConlee/TicketPulse/handlers/admin.go:133.23,135.17 2 0
github.com/TylerConlee/TicketPulse/handlers/admin.go:135.17,138.4 2 0
github.com/TylerConlee/TicketPulse/handlers/admin.go:140.3,141.9 2 0
github.com/TylerConlee/TicketPulse/handlers/admin.go:144.2,144.24 1 0
github.com/TylerConlee/TicketPulse/handlers/admin.go:144.24,151.17 6 0
github.com/TylerConlee/TicketPulse/handlers/admin.go:151.17,155.4 3 0
github.com/TylerConlee/TicketPulse/handlers/admin.go:157.3,157.59 1 0
github.com/TylerConlee/TicketPulse/handlers/admin.go:161.83,163.16 2 0
github.com/TylerConlee/TicketPulse/handlers/admin.go:163.16,166.3 2 0
github.com/TylerConlee/TicketPulse/handlers/admin.go:168.2,169.16 2 0
github.com/TylerConlee/TicketPulse/handlers/admin.go:169.16,172.3 2 0
github.com/TylerConlee/TicketPulse/handlers/admin.go:174.2,176.66 2 0
github.com/TylerConlee/TicketPulse/handlers/admin.go:179.84,181.16 2 0
github.com/TylerConlee/TicketPulse/handlers/admin.go:181.16,184.3 2 0
github.com/TylerConlee/TicketPulse/handlers/admin.go:186.2,187.16 2 0
github.com/TylerConlee/TicketPulse/handlers/admin.go:187.16,190.3 2 0
github.com/TylerConlee/TicketPulse/handlers/admin.go:192.2,192.57 1 0
github.com/TylerConlee/TicketPulse/handlers/admin.go:195.66,200.2 4 0
github.com/TylerConlee/TicketPulse/handlers/auth.go:31.13,37.2 1 1
github.com/TylerConlee/TicketPulse/handlers/auth.go:39.81,47.2 4 0
github.com/TylerConlee/TicketPulse/handlers/auth.go:49.84,50.46 1 0
github.com/TylerConlee/TicketPulse/handlers/auth.go:50.46,54.3 3 0
github.com/TylerConlee/TicketPulse/handlers/auth.go:56.2,57.16 2 0
github.com/TylerConlee/TicketPulse/handlers/auth.go:57.16,61.3 3 0
github.com/TylerConlee/TicketPulse/handlers/auth.go:63.2,64.16 2 0
github.com/TylerConlee/TicketPulse/handlers/auth.go:64.16,68.3 3 0
github.com/TylerConlee/TicketPulse/handlers/auth.go:70.2,70.50 1 0
github.com/TylerConlee/TicketPulse/handlers/auth.go:70.50,74.3 3 0
github.com/TylerConlee/TicketPulse/handlers/auth.go:76.2,76.56 1 0
github.com/TylerConlee/TicketPulse/handlers/auth.go:80.27,84.2 3 1
github.com/TylerConlee/TicketPulse/handlers/auth.go:86.48,88.60 2 0
github.com/TylerConlee/TicketPulse/handlers/auth.go:88.60,90.3 1 0
github.com/TylerConlee/TicketPulse/handlers/auth.go:91.2,91.12 1 0
github.com/TylerConlee/TicketPulse/handlers/auth.go:94.68,96.16 2 0
github.com/TylerConlee/TicketPulse/handlers/auth.go:96.16,98.3 1 0
github.com/TylerConlee/TicketPulse/handlers/auth.go:100.2,102.16 3 0
github.com/TylerConlee/TicketPulse/handlers/auth.go:102.16,104.3 1 0
github.com/TylerConlee/TicketPulse/handlers/auth.go:106.2,106.42 1 0
github.com/TylerConlee/TicketPulse/handlers/auth.go:109.89,111.16 2 0
github.com/TylerConlee/TicketPulse/handlers/auth.go:111.16,113.3 1 0
github.com/TylerConlee/TicketPulse/handlers/auth.go:115.2,115.18 1 0
github.com/TylerConlee/TicketPulse/handlers/auth.go:115.18,117.17 2 0
github.com/TylerConlee/TicketPulse/handlers/auth.go:117.17,119.4 1 0
github.com/TylerConlee/TicketPulse/handlers/auth.go:121.3,121.21 1 0
github.com/TylerConlee/TicketPulse/handlers/auth.go:121.21,123.106 2 0
github.com/TylerConlee/TicketPulse/handlers/auth.go:123.106,125.5 1 0
github.com/TylerConlee/TicketPulse/handlers/auth.go:127.4,128.18 2 0
github.com/TylerConlee/TicketPulse/handlers/auth.go:128.18,130.5 1 0
github.com/TylerConlee/TicketPulse/handlers/auth.go:131.9,133.4 1 0
github.com/TylerConlee/TicketPulse/handlers/auth.go:136.2,136.18 1 0
github.com/TylerConlee/TicketPulse/handlers/auth.go:139.84,146.2 5 0
github.com/TylerConlee/TicketPulse/handlers/configuration.go:11.83,12.24 1 0
github.com/TylerConlee/TicketPulse/handlers/configuration.go:12.24,14.17 2 0
github.com/TylerConlee/TicketPulse/handlers/configuration.go:14.17,17.4 2 0
github.com/TylerConlee/TicketPulse/handlers/configuration.go:18.3,19.9 2 0
github.com/TylerConlee/TicketPulse/handlers/configuration.go:23.2,24.16 2 0
github.com/TylerConlee/TicketPulse/handlers/configuration.go:24.16,27.3 2 0
github.com/TylerConlee/TicketPulse/handlers/configuration.go:30.2,31.16 2 0
github.com/TylerConlee/TicketPulse/handlers/configuration.go:31.16,34.3 2 0
github.com/TylerConlee/TicketPulse/handlers/configuration.go:35.2,37.65 2 0
github.com/TylerConlee/TicketPulse/handlers/configuration.go:41.71,51.34 2 0
github.com/TylerConlee/TicketPulse/handlers/configuration.go:51.34,53.17 2 0
github.com/TylerConlee/TicketPulse/handlers/configuration.go:53.17,56.4 2 0
github.com/TylerConlee/TicketPulse/handlers/configuration.go:58.2,58.12 1 0
github.com/TylerConlee/TicketPulse/handlers/dashboard.go:20.124,24.24 2 0
github.com/TylerConlee/TicketPulse/handlers/dashboard.go:24.24,27.3 2 0
github.com/TylerConlee/TicketPulse/handlers/dashboard.go:30.2,31.16 2 0
github.com/TylerConlee/TicketPulse/handlers/dashboard.go:31.16,35.3 3 0
github.com/TylerConlee/TicketPulse/handlers/dashboard.go:38.2,48.16 8 0
github.com/TylerConlee/TicketPulse/handlers/dashboard.go:48.16,51.3 2 0
github.com/TylerConlee/TicketPulse/handlers/dashboard.go:54.2,66.17 2 0
github.com/TylerConlee/TicketPulse/handlers/dashboard.go:66.17,69.3 2 0
github.com/TylerConlee/TicketPulse/handlers/dashboard.go:74.102,79.29 3 0
github.com/TylerConlee/TicketPulse/handlers/dashboard.go:79.29,80.34 1 0
github.com/TylerConlee/TicketPulse/handlers/dashboard.go:80.34,83.39 2 0
github.com/TylerConlee/TicketPulse/handlers/dashboard.go:83.39,85.5 1 0
github.com/TylerConlee/TicketPulse/handlers/dashboard.go:86.4,86.50 1 0
github.com/TylerConlee/TicketPulse/handlers/dashboard.go:91.2,92.30 2 0
github.com/TylerConlee/TicketPulse/handlers/dashboard.go:92.30,94.3 1 0
github.com/TylerConlee/TicketPulse/handlers/dashboard.go:95.2,102.33 5 0
github.com/TylerConlee/TicketPulse/handlers/dashboard.go:102.33,110.31 7 0
github.com/TylerConlee/TicketPulse/handlers/dashboard.go:110.31,112.4 1 0
github.com/TylerConlee/TicketPulse/handlers/dashboard.go:113.3,115.6 3 0
github.com/TylerConlee/TicketPulse/handlers/dashboard.go:118.2,121.3 1 0
github.com/TylerConlee/TicketPulse/handlers/handlers.go:23.48,25.2 1 1
github.com/TylerConlee/TicketPulse/handlers/handlers.go:29.139,35.2 1 1
github.com/TylerConlee/TicketPulse/handlers/handlers.go:38.74,41.16 2 0
github.com/TylerConlee/TicketPulse/handlers/handlers.go:41.16,44.3 2 0
github.com/TylerConlee/TicketPulse/handlers/handlers.go:45.2,46.16 2 0
github.com/TylerConlee/TicketPulse/handlers/handlers.go:46.16,49.3 2 0
github.com/TylerConlee/TicketPulse/handlers/handlers.go:50.2,50.69 1 0
github.com/TylerConlee/TicketPulse/handlers/handlers.go:50.69,52.3 1 0
github.com/TylerConlee/TicketPulse/handlers/handlers.go:56.74,59.16 2 0
github.com/TylerConlee/TicketPulse/handlers/handlers.go:59.16,62.3 2 0
github.com/TylerConlee/TicketPulse/handlers/handlers.go:65.2,67.16 3 0
github.com/TylerConlee/TicketPulse/handlers/handlers.go:67.16,70.3 2 0
github.com/TylerConlee/TicketPulse/handlers/handlers.go:73.2,73.67 1 0
github.com/TylerConlee/TicketPulse/handlers/handlers.go:73.67,75.3 1 0
github.com/TylerConlee/TicketPulse/handlers/handlers.go:79.76,82.24 2 0
github.com/TylerConlee/TicketPulse/handlers/handlers.go:82.24,92.55 5 0
github.com/TylerConlee/TicketPulse/handlers/handlers.go:92.55,95.4 2 0
github.com/TylerConlee/TicketPulse/handlers/handlers.go:96.3,97.9 2 0
github.com/TylerConlee/TicketPulse/handlers/handlers.go:101.2,102.16 2 0
github.com/TylerConlee/TicketPulse/handlers/handlers.go:102.16,105.3 2 0
github.com/TylerConlee/TicketPulse/handlers/handlers.go:108.2,109.16 2 0
github.com/TylerConlee/TicketPulse/handlers/handlers.go:109.16,112.3 2 0
github.com/TylerConlee/TicketPulse/handlers/handlers.go:115.2,115.69 1 0
github.com/TylerConlee/TicketPulse/handlers/handlers.go:115.69,117.3 1 0
github.com/TylerConlee/TicketPulse/handlers/handlers.go:121.76,125.16 4 0
github.com/TylerConlee/TicketPulse/handlers/handlers.go:125.16,128.3 2 0
github.com/TylerConlee/TicketPulse/handlers/handlers.go:129.2,129.52 1 0
github.com/TylerConlee/TicketPulse/handlers/handlers.go:133.99,136.16 3 0
github.com/TylerConlee/TicketPulse/handlers/handlers.go:136.16,138.3 1 0
github.com/TylerConlee/TicketPulse/handlers/handlers.go:140.2,149.18 3 0
github.com/TylerConlee/TicketPulse/handlers/middleware.go:16.53,17.71 1 1
github.com/TylerConlee/TicketPulse/handlers/middleware.go:17.71,20.17 2 1
github.com/TylerConlee/TicketPulse/handlers/middleware.go:20.17,23.4 2 0
github.com/TylerConlee/TicketPulse/handlers/middleware.go:25.3,26.10 2 1
github.com/TylerConlee/TicketPulse/handlers/middleware.go:26.10,29.4 2 1
github.com/TylerConlee/TicketPulse/handlers/middleware.go:32.3,33.40 2 0
github.com/TylerConlee/TicketPulse/handlers/middleware.go:38.69,39.71 1 1
github.com/TylerConlee/TicketPulse/handlers/middleware.go:39.71,41.17 2 1
github.com/TylerConlee/TicketPulse/handlers/middleware.go:41.17,44.4 2 0
github.com/TylerConlee/TicketPulse/handlers/middleware.go:46.3,47.10 2 1
github.com/TylerConlee/TicketPulse/handlers/middleware.go:47.10,50.4 2 1
github.com/TylerConlee/TicketPulse/handlers/middleware.go:53.3,54.40 2 0
github.com/TylerConlee/TicketPulse/handlers/middleware.go:58.60,61.2 2 1
github.com/TylerConlee/TicketPulse/handlers/middleware.go:64.54,66.2 1 1
github.com/TylerConlee/TicketPulse/handlers/middleware.go:69.70,70.71 1 0
github.com/TylerConlee/TicketPulse/handlers/middleware.go:70.71,74.10 3 0
github.com/TylerConlee/TicketPulse/handlers/middleware.go:74.10,78.4 3 0
github.com/TylerConlee/TicketPulse/handlers/middleware.go:81.3,82.17 2 0
github.com/TylerConlee/TicketPulse/handlers/middleware.go:82.17,86.4 3 0
github.com/TylerConlee/TicketPulse/handlers/middleware.go:88.3,88.36 1 0
github.com/TylerConlee/TicketPulse/handlers/middleware.go:88.36,92.4 3 0
github.com/TylerConlee/TicketPulse/handlers/middleware.go:94.3,94.23 1 0
github.com/TylerConlee/TicketPulse/handlers/middleware.go:99.61,100.71 1 1
github.com/TylerConlee/TicketPulse/handlers/middleware.go:100.71,104.14 3 1
github.com/TylerConlee/TicketPulse/handlers/middleware.go:104.14,108.4 3 1
github.com/TylerConlee/TicketPulse/handlers/middleware.go:110.3,111.10 2 0
github.com/TylerConlee/TicketPulse/handlers/middleware.go:111.10,115.4 3 0
github.com/TylerConlee/TicketPulse/handlers/middleware.go:117.3,117.35 1 0
github.com/TylerConlee/TicketPulse/handlers/middleware.go:117.35,121.4 3 0
github.com/TylerConlee/TicketPulse/handlers/middleware.go:123.3,123.23 1 0
github.com/TylerConlee/TicketPulse/handlers/middleware.go:128.75,131.50 2 0
github.com/TylerConlee/TicketPulse/handlers/middleware.go:131.50,134.3 2 0
github.com/TylerConlee/TicketPulse/handlers/middleware.go:137.2,137.46 1 0
github.com/TylerConlee/TicketPulse/handlers/profile.go:19.114,25.16 4 0
github.com/TylerConlee/TicketPulse/handlers/profile.go:25.16,29.3 3 0
github.com/TylerConlee/TicketPulse/handlers/profile.go:32.2,33.28 2 0
github.com/TylerConlee/TicketPulse/handlers/profile.go:33.28,35.3 1 0
github.com/TylerConlee/TicketPulse/handlers/profile.go:38.2,38.76 1 0
github.com/TylerConlee/TicketPulse/handlers/profile.go:38.76,41.17 3 0
github.com/TylerConlee/TicketPulse/handlers/profile.go:41.17,44.4 2 0
github.com/TylerConlee/TicketPulse/handlers/profile.go:47.3,47.90 1 0
github.com/TylerConlee/TicketPulse/handlers/profile.go:47.90,50.4 2 0
github.com/TylerConlee/TicketPulse/handlers/profile.go:51.3,52.9 2 0
github.com/TylerConlee/TicketPulse/handlers/profile.go:56.2,56.77 1 0
github.com/TylerConlee/TicketPulse/handlers/profile.go:56.77,63.17 6 0
github.com/TylerConlee/TicketPulse/handlers/profile.go:63.17,66.4 2 0
github.com/TylerConlee/TicketPulse/handlers/profile.go:68.3,69.17 2 0
github.com/TylerConlee/TicketPulse/handlers/profile.go:69.17,72.4 2 0
github.com/TylerConlee/TicketPulse/handlers/profile.go:74.3,74.21 1 0
github.com/TylerConlee/TicketPulse/handlers/profile.go:74.21,76.4 1 0
github.com/TylerConlee/TicketPulse/handlers/profile.go:78.3,78.25 1 0
github.com/TylerConlee/TicketPulse/handlers/profile.go:78.25,80.4 1 0
github.com/TylerConlee/TicketPulse/handlers/profile.go:83.3,83.102 1 0
github.com/TylerConlee/TicketPulse/handlers/profile.go:83.102,86.4 2 0
github.com/TylerConlee/TicketPulse/handlers/profile.go:87.3,88.9 2 0
github.com/TylerConlee/TicketPulse/handlers/profile.go:92.2,92.75 1 0
github.com/TylerConlee/TicketPulse/handlers/profile.go:92.75,96.94 3 0
github.com/TylerConlee/TicketPulse/handlers/profile.go:96.94,98.4 1 0
github.com/TylerConlee/TicketPulse/handlers/profile.go:100.3,100.103 1 0
github.com/TylerConlee/TicketPulse/handlers/profile.go:100.103,102.4 1 0
github.com/TylerConlee/TicketPulse/handlers/profile.go:105.3,105.89 1 0
github.com/TylerConlee/TicketPulse/handlers/profile.go:105.89,108.4 2 0
github.com/TylerConlee/TicketPulse/handlers/profile.go:109.3,110.9 2 0
github.com/TylerConlee/TicketPulse/handlers/profile.go:114.2,114.67 1 0
github.com/TylerConlee/TicketPulse/handlers/profile.go:114.67,115.29 1 0
github.com/TylerConlee/TicketPulse/handlers/profile.go:115.29,117.24 2 0
github.com/TylerConlee/TicketPulse/handlers/profile.go:117.24,119.5 1 0
github.com/TylerConlee/TicketPulse/handlers/profile.go:121.4,122.18 2 0
github.com/TylerConlee/TicketPulse/handlers/profile.go:122.18,124.95 2 0
github.com/TylerConlee/TicketPulse/handlers/profile.go:124.95,128.6 3 0
github.com/TylerConlee/TicketPulse/handlers/profile.go:129.10,131.5 1 0
github.com/TylerConlee/TicketPulse/handlers/profile.go:133.3,134.9 2 0
github.com/TylerConlee/TicketPulse/handlers/profile.go:138.2,138.60 1 0
github.com/TylerConlee/TicketPulse/handlers/profile.go:138.60,143.93 4 0
github.com/TylerConlee/TicketPulse/handlers/profile.go:143.93,146.4 2 0
github.com/TylerConlee/TicketPulse/handlers/profile.go:147.3,148.9 2 0
github.com/TylerConlee/TicketPulse/handlers/profile.go:152.2,152.81 1 0
github.com/TylerConlee/TicketPulse/handlers/profile.go:152.81,155.62 2 0
github.com/TylerConlee/TicketPulse/handlers/profile.go:155.62,158.4 2 0
github.com/TylerConlee/TicketPulse/handlers/profile.go:159.3,160.9 2 0
github.com/TylerConlee/TicketPulse/handlers/profile.go:164.2,165.16 2 0
github.com/TylerConlee/TicketPulse/handlers/profile.go:165.16,168.3 2 0
github.com/TylerConlee/TicketPulse/handlers/profile.go:171.2,175.51 2 0
github.com/TylerConlee/TicketPulse/handlers/profile.go:175.51,177.17 2 0
github.com/TylerConlee/TicketPulse/handlers/profile.go:177.17,178.42 1 0
github.com/TylerConlee/TicketPulse/handlers/profile.go:178.42,186.5 1 0
github.com/TylerConlee/TicketPulse/handlers/profile.go:187.9,189.4 1 0
github.com/TylerConlee/TicketPulse/handlers/profile.go:193.2,194.16 2 0
github.com/TylerConlee/TicketPulse/handlers/profile.go:194.16,197.3 2 0
github.com/TylerConlee/TicketPulse/handlers/profile.go:198.2,205.66 6 0
github.com/TylerConlee/TicketPulse/handlers/profile.go:205.66,208.3 2 0
github.com/TylerConlee/TicketPulse/handlers/profile.go:212.122,215.9 3 0
github.com/TylerConlee/TicketPulse/handlers/profile.go:215.9,218.3 2 0
github.com/TylerConlee/TicketPulse/handlers/profile.go:220.2,221.28 2 0
github.com/TylerConlee/TicketPulse/handlers/profile.go:221.28,224.3 2 0
github.com/TylerConlee/TicketPulse/handlers/profile.go:225.2,229.16 3 0
github.com/TylerConlee/TicketPulse/handlers/profile.go:229.16,233.3 3 0
github.com/TylerConlee/TicketPulse/handlers/profile.go:236.2,239.33 4 0
github.com/TylerConlee/TicketPulse/handlers/profile.go:239.33,241.3 1 0
github.com/TylerConlee/TicketPulse/handlers/profile.go:242.2,242.31 1 0
github.com/TylerConlee/TicketPulse/handlers/profile.go:242.31,244.3 1 0
github.com/TylerConlee/TicketPulse/handlers/profile.go:245.2,245.25 1 0
github.com/TylerConlee/TicketPulse/handlers/profile.go:245.25,247.3 1 0
github.com/TylerConlee/TicketPulse/handlers/profile.go:250.2,252.25 3 0
github.com/TylerConlee/TicketPulse/handlers/profile.go:252.25,254.3 1 0
github.com/TylerConlee/TicketPulse/handlers/profile.go:255.2,255.55 1 0
github.com/TylerConlee/TicketPulse/handlers/profile.go:255.55,257.17 2 0
github.com/TylerConlee/TicketPulse/handlers/profile.go:257.17,259.36 2 0
github.com/TylerConlee/TicketPulse/handlers/profile.go:259.36,260.27 1 0
github.com/TylerConlee/TicketPulse/handlers/profile.go:260.27,263.6 2 0
github.com/TylerConlee/TicketPulse/handlers/profile.go:268.2,269.28 2 0
github.com/TylerConlee/TicketPulse/handlers/profile.go:269.28,271.3 1 0
github.com/TylerConlee/TicketPulse/handlers/profile.go:274.2,275.16 2 0
github.com/TylerConlee/TicketPulse/handlers/profile.go:275.16,279.3 3 0
github.com/TylerConlee/TicketPulse/handlers/profile.go:281.2,282.16 2 0
github.com/TylerConlee/TicketPulse/handlers/profile.go:282.16,286.3 3 0
github.com/TylerConlee/TicketPulse/handlers/profile.go:289.2,289.66 1 0
github.com/TylerConlee/TicketPulse/middlewares/notification.go:26.86,39.22 5 0
github.com/TylerConlee/TicketPulse/middlewares/notification.go:39.22,42.3 2 0
github.com/TylerConlee/TicketPulse/middlewares/notification.go:46.66,48.2 1 0
github.com/TylerConlee/TicketPulse/middlewares/notification.go:51.61,52.71 1 0
github.com/TylerConlee/TicketPulse/middlewares/notification.go:52.71,64.3 6 0
github.com/TylerConlee/TicketPulse/middlewares/notification.go:68.66,70.9 2 0
github.com/TylerConlee/TicketPulse/middlewares/notification.go:70.9,72.3 1 0
github.com/TylerConlee/TicketPulse/middlewares/notification.go:73.2,73.22 1 0
github.com/TylerConlee/TicketPulse/middlewares/sse.go:16.32,21.2 1 0
github.com/TylerConlee/TicketPulse/middlewares/sse.go:23.71,25.9 2 0
github.com/TylerConlee/TicketPulse/middlewares/sse.go:25.9,28.3 2 0
github.com/TylerConlee/TicketPulse/middlewares/sse.go:30.2,35.15 5 0
github.com/TylerConlee/TicketPulse/middlewares/sse.go:35.15,40.3 4 0
github.com/TylerConlee/TicketPulse/middlewares/sse.go:42.2,48.54 5 0
github.com/TylerConlee/TicketPulse/middlewares/sse.go:48.54,56.3 3 0
github.com/TylerConlee/TicketPulse/middlewares/sse.go:57.2,59.6 2 0
github.com/TylerConlee/TicketPulse/middlewares/sse.go:59.6,60.10 1 0
github.com/TylerConlee/TicketPulse/middlewares/sse.go:61.34,63.19 2 0
github.com/TylerConlee/TicketPulse/middlewares/sse.go:64.29,65.10 1 0
github.com/TylerConlee/TicketPulse/middlewares/sse.go:70.47,75.66 4 0
github.com/TylerConlee/TicketPulse/middlewares/sse.go:75.66,76.81 1 0
github.com/TylerConlee/TicketPulse/middlewares/sse.go:76.81,82.27 4 0
github.com/TylerConlee/TicketPulse/middlewares/sse.go:82.27,84.5 1 0
github.com/TylerConlee/TicketPulse/middlewares/sse.go:86.4,86.43 1 0
github.com/TylerConlee/TicketPulse/middlewares/sse.go:90.2,90.32 1 0
github.com/TylerConlee/TicketPulse/middlewares/sse.go:90.32,92.3 1 0
github.com/TylerConlee/TicketPulse/services/mocks/slack_mock.go:16.43,19.2 2 0
github.com/TylerConlee/TicketPulse/services/mocks/slack_mock.go:22.70,25.26 3 0
github.com/TylerConlee/TicketPulse/services/mocks/slack_mock.go:25.26,27.3 1 0
github.com/TylerConlee/TicketPulse/services/mocks/slack_mock.go:28.2,28.53 1 0
github.com/TylerConlee/TicketPulse/services/mocks/slack_mock.go:32.71,35.2 2 0
github.com/TylerConlee/TicketPulse/services/mocks/slack_mock.go:38.171,41.2 2 0
github.com/TylerConlee/TicketPulse/services/mocks/slack_mock.go:44.75,47.2 2 0
github.com/TylerConlee/TicketPulse/services/mocks/slack_mock.go:50.46,52.2 1 0
github.com/TylerConlee/TicketPulse/services/mocks/zendesk_mock.go:18.112,22.20 4 0
github.com/TylerConlee/TicketPulse/services/mocks/zendesk_mock.go:22.20,24.3 1 0
github.com/TylerConlee/TicketPulse/services/mocks/zendesk_mock.go:25.2,25.20 1 0
github.com/TylerConlee/TicketPulse/services/mocks/zendesk_mock.go:25.20,27.3 1 0
github.com/TylerConlee/TicketPulse/services/mocks/zendesk_mock.go:28.2,28.88 1 0
github.com/TylerConlee/TicketPulse/services/mocks/zendesk_mock.go:32.98,35.20 3 0
github.com/TylerConlee/TicketPulse/services/mocks/zendesk_mock.go:35.20,37.3 1 0
github.com/TylerConlee/TicketPulse/services/mocks/zendesk_mock.go:38.2,38.50 1 0
github.com/TylerConlee/TicketPulse/services/mocks/zendesk_mock.go:42.111,45.20 3 0
github.com/TylerConlee/TicketPulse/services/mocks/zendesk_mock.go:45.20,47.3 1 0
github.com/TylerConlee/TicketPulse/services/mocks/zendesk_mock.go:48.2,48.50 1 0
github.com/TylerConlee/TicketPulse/services/mocks/zendesk_mock.go:52.81,55.17 3 0
github.com/TylerConlee/TicketPulse/services/mocks/zendesk_mock.go:55.17,57.3 1 0
github.com/TylerConlee/TicketPulse/services/mocks/zendesk_mock.go:58.2,58.44 1 0
github.com/TylerConlee/TicketPulse/services/mocks/zendesk_mock.go:62.121,65.20 3 0
github.com/TylerConlee/TicketPulse/services/mocks/zendesk_mock.go:65.20,67.3 1 0
github.com/TylerConlee/TicketPulse/services/mocks/zendesk_mock.go:68.2,68.63 1 0
github.com/TylerConlee/TicketPulse/services/mocks/zendesk_mock.go:72.84,75.17 3 0
github.com/TylerConlee/TicketPulse/services/mocks/zendesk_mock.go:75.17,77.3 1 0
github.com/TylerConlee/TicketPulse/services/mocks/zendesk_mock.go:78.2,78.45 1 0
github.com/TylerConlee/TicketPulse/services/mocks/zendesk_mock.go:82.103,85.16 3 0
github.com/TylerConlee/TicketPulse/services/mocks/zendesk_mock.go:85.16,87.3 1 0
github.com/TylerConlee/TicketPulse/services/mocks/zendesk_mock.go:88.2,88.52 1 0
github.com/TylerConlee/TicketPulse/services/mocks/zendesk_mock.go:92.95,95.2 2 0
github.com/TylerConlee/TicketPulse/services/mocks/zendesk_mock.go:98.233,101.2 2 0
github.com/TylerConlee/TicketPulse/models/alerts.go:23.95,30.16 3 1
github.com/TylerConlee/TicketPulse/models/alerts.go:30.16,32.3 1 0
github.com/TylerConlee/TicketPulse/models/alerts.go:34.2,34.12 1 1
github.com/TylerConlee/TicketPulse/models/alerts.go:38.136,42.16 4 1
github.com/TylerConlee/TicketPulse/models/alerts.go:42.16,44.3 1 1
github.com/TylerConlee/TicketPulse/models/alerts.go:45.2,45.25 1 1
github.com/TylerConlee/TicketPulse/models/alerts.go:49.83,52.16 3 1
github.com/TylerConlee/TicketPulse/models/alerts.go:52.16,54.3 1 0
github.com/TylerConlee/TicketPulse/models/alerts.go:55.2,55.12 1 1
github.com/TylerConlee/TicketPulse/models/alerts.go:59.92,62.16 3 1
github.com/TylerConlee/TicketPulse/models/alerts.go:62.16,64.3 1 0
github.com/TylerConlee/TicketPulse/models/alerts.go:65.2,65.12 1 1
github.com/TylerConlee/TicketPulse/models/alerts.go:77.106,85.16 4 1
github.com/TylerConlee/TicketPulse/models/alerts.go:85.16,87.3 1 0
github.com/TylerConlee/TicketPulse/models/alerts.go:88.2,88.12 1 1
github.com/TylerConlee/TicketPulse/models/alerts.go:92.123,96.16 4 1
github.com/TylerConlee/TicketPulse/models/alerts.go:96.16,98.3 1 1
github.com/TylerConlee/TicketPulse/models/alerts.go:99.2,99.23 1 1
github.com/TylerConlee/TicketPulse/models/alerts.go:103.75,106.16 3 0
github.com/TylerConlee/TicketPulse/models/alerts.go:106.16,108.3 1 0
github.com/TylerConlee/TicketPulse/models/alerts.go:109.2,109.12 1 0
github.com/TylerConlee/TicketPulse/models/alerts.go:122.83,129.16 3 1
github.com/TylerConlee/TicketPulse/models/alerts.go:129.16,131.3 1 0
github.com/TylerConlee/TicketPulse/models/alerts.go:132.2,132.12 1 1
github.com/TylerConlee/TicketPulse/models/configuration.go:12.13,19.2 3 1
github.com/TylerConlee/TicketPulse/models/configuration.go:22.40,24.2 1 1
github.com/TylerConlee/TicketPulse/models/configuration.go:33.67,36.26 3 1
github.com/TylerConlee/TicketPulse/models/configuration.go:36.26,38.3 1 1
github.com/TylerConlee/TicketPulse/models/configuration.go:38.8,38.23 1 1
github.com/TylerConlee/TicketPulse/models/configuration.go:38.23,40.3 1 0
github.com/TylerConlee/TicketPulse/models/configuration.go:41.2,41.19 1 1
github.com/TylerConlee/TicketPulse/models/configuration.go:46.64,52.2 2 1
github.com/TylerConlee/TicketPulse/models/configuration.go:56.70,58.16 2 1
github.com/TylerConlee/TicketPulse/models/configuration.go:58.16,60.3 1 0
github.com/TylerConlee/TicketPulse/models/configuration.go:61.2,64.18 3 1
github.com/TylerConlee/TicketPulse/models/configuration.go:64.18,66.49 2 1
github.com/TylerConlee/TicketPulse/models/configuration.go:66.49,68.4 1 0
github.com/TylerConlee/TicketPulse/models/configuration.go:69.3,69.23 1 1
github.com/TylerConlee/TicketPulse/models/configuration.go:71.2,71.35 1 1
github.com/TylerConlee/TicketPulse/models/configuration.go:71.35,73.3 1 0
github.com/TylerConlee/TicketPulse/models/configuration.go:74.2,74.21 1 1
github.com/TylerConlee/TicketPulse/models/users.go:13.13,16.2 1 1
github.com/TylerConlee/TicketPulse/models/users.go:54.89,59.2 2 1
github.com/TylerConlee/TicketPulse/models/users.go:62.50,69.2 2 0
github.com/TylerConlee/TicketPulse/models/users.go:71.80,74.16 3 1
github.com/TylerConlee/TicketPulse/models/users.go:74.16,77.3 2 0
github.com/TylerConlee/TicketPulse/models/users.go:78.2,78.12 1 1
github.com/TylerConlee/TicketPulse/models/users.go:82.65,86.16 4 1
github.com/TylerConlee/TicketPulse/models/users.go:86.16,87.27 1 1
github.com/TylerConlee/TicketPulse/models/users.go:87.27,90.4 1 1
github.com/TylerConlee/TicketPulse/models/users.go:91.3,91.19 1 0
github.com/TylerConlee/TicketPulse/models/users.go:93.2,93.18 1 1
github.com/TylerConlee/TicketPulse/models/users.go:97.56,105.16 7 1
github.com/TylerConlee/TicketPulse/models/users.go:105.16,107.3 1 1
github.com/TylerConlee/TicketPulse/models/users.go:110.2,111.28 2 1
github.com/TylerConlee/TicketPulse/models/users.go:111.28,113.3 1 0
github.com/TylerConlee/TicketPulse/models/users.go:114.2,117.28 3 1
github.com/TylerConlee/TicketPulse/models/users.go:117.28,119.3 1 1
github.com/TylerConlee/TicketPulse/models/users.go:120.2,126.20 5 1
github.com/TylerConlee/TicketPulse/models/users.go:126.20,128.3 1 0
github.com/TylerConlee/TicketPulse/models/users.go:129.2,129.28 1 1
github.com/TylerConlee/TicketPulse/models/users.go:129.28,131.3 1 0
github.com/TylerConlee/TicketPulse/models/users.go:132.2,132.31 1 1
github.com/TylerConlee/TicketPulse/models/users.go:132.31,134.3 1 0
github.com/TylerConlee/TicketPulse/models/users.go:136.2,136.18 1 1
github.com/TylerConlee/TicketPulse/models/users.go:140.50,142.16 2 1
github.com/TylerConlee/TicketPulse/models/users.go:142.16,144.3 1 0
github.com/TylerConlee/TicketPulse/models/users.go:145.2,148.18 3 1
github.com/TylerConlee/TicketPulse/models/users.go:148.18,151.17 3 1
github.com/TylerConlee/TicketPulse/models/users.go:151.17,153.4 1 0
github.com/TylerConlee/TicketPulse/models/users.go:154.3,154.30 1 1
github.com/TylerConlee/TicketPulse/models/users.go:156.2,156.19 1 1
github.com/TylerConlee/TicketPulse/models/users.go:159.39,163.16 4 1
github.com/TylerConlee/TicketPulse/models/users.go:163.16,165.3 1 0
github.com/TylerConlee/TicketPulse/models/users.go:166.2,166.19 1 1
github.com/TylerConlee/TicketPulse/models/users.go:169.50,172.16 3 0
github.com/TylerConlee/TicketPulse/models/users.go:172.16,173.27 1 0
github.com/TylerConlee/TicketPulse/models/users.go:173.27,175.4 1 0
github.com/TylerConlee/TicketPulse/models/users.go:176.3,176.16 1 0
github.com/TylerConlee/TicketPulse/models/users.go:178.2,178.16 1 0
github.com/TylerConlee/TicketPulse/models/users.go:181.55,184.2 2 1
github.com/TylerConlee/TicketPulse/models/users.go:186.48,189.16 3 1
github.com/TylerConlee/TicketPulse/models/users.go:189.16,191.3 1 0
github.com/TylerConlee/TicketPulse/models/users.go:192.2,192.19 1 1
github.com/TylerConlee/TicketPulse/models/users.go:196.94,200.2 2 1
github.com/TylerConlee/TicketPulse/models/users.go:203.73,205.16 2 1
github.com/TylerConlee/TicketPulse/models/users.go:205.16,207.3 1 0
github.com/TylerConlee/TicketPulse/models/users.go:208.2,211.18 3 1
github.com/TylerConlee/TicketPulse/models/users.go:211.18,214.17 3 1
github.com/TylerConlee/TicketPulse/models/users.go:214.17,216.4 1 0
github.com/TylerConlee/TicketPulse/models/users.go:217.3,217.33 1 1
github.com/TylerConlee/TicketPulse/models/users.go:219.2,219.20 1 1
github.com/TylerConlee/TicketPulse/models/users.go:223.56,226.2 2 1
github.com/TylerConlee/TicketPulse/models/users.go:227.58,237.16 2 1
github.com/TylerConlee/TicketPulse/models/users.go:237.16,239.3 1 0
github.com/TylerConlee/TicketPulse/models/users.go:240.2,243.18 3 1
github.com/TylerConlee/TicketPulse/models/users.go:243.18,247.17 4 1
github.com/TylerConlee/TicketPulse/models/users.go:247.17,249.4 1 0
github.com/TylerConlee/TicketPulse/models/users.go:250.3,251.33 2 1
github.com/TylerConlee/TicketPulse/models/users.go:253.2,253.20 1 1
github.com/TylerConlee/TicketPulse/models/users.go:257.107,260.2 2 1
github.com/TylerConlee/TicketPulse/models/users.go:263.70,265.16 2 1
github.com/TylerConlee/TicketPulse/models/users.go:265.16,267.3 1 0
github.com/TylerConlee/TicketPulse/models/users.go:268.2,271.18 3 1
github.com/TylerConlee/TicketPulse/models/users.go:271.18,278.17 6 1
github.com/TylerConlee/TicketPulse/models/users.go:278.17,280.4 1 0
github.com/TylerConlee/TicketPulse/models/users.go:282.3,285.21 4 1
github.com/TylerConlee/TicketPulse/models/users.go:285.21,287.4 1 0
github.com/TylerConlee/TicketPulse/models/users.go:288.3,288.29 1 1
github.com/TylerConlee/TicketPulse/models/users.go:288.29,290.4 1 0
github.com/TylerConlee/TicketPulse/models/users.go:291.3,291.32 1 1
github.com/TylerConlee/TicketPulse/models/users.go:291.32,293.4 1 0
github.com/TylerConlee/TicketPulse/models/users.go:295.3,295.30 1 1
github.com/TylerConlee/TicketPulse/models/users.go:297.2,297.19 1 1
github.com/TylerConlee/TicketPulse/models/users.go:301.124,304.16 2 1
github.com/TylerConlee/TicketPulse/models/users.go:304.16,306.3 1 0
github.com/TylerConlee/TicketPulse/models/users.go:307.2,311.12 5 1
github.com/TylerConlee/TicketPulse/models/users.go:315.98,318.16 2 1
github.com/TylerConlee/TicketPulse/models/users.go:318.16,320.3 1 0
github.com/TylerConlee/TicketPulse/models/users.go:321.2,323.12 3 1
github.com/TylerConlee/TicketPulse/middlewares/notification.go:26.86,39.22 5 0
github.com/TylerConlee/TicketPulse/middlewares/notification.go:39.22,42.3 2 0
github.com/TylerConlee/TicketPulse/middlewares/notification.go:46.66,48.2 1 0
github.com/TylerConlee/TicketPulse/middlewares/notification.go:51.61,52.71 1 0
github.com/TylerConlee/TicketPulse/middlewares/notification.go:52.71,64.3 6 0
github.com/TylerConlee/TicketPulse/middlewares/notification.go:68.66,70.9 2 0
github.com/TylerConlee/TicketPulse/middlewares/notification.go:70.9,72.3 1 0
github.com/TylerConlee/TicketPulse/middlewares/notification.go:73.2,73.22 1 0
github.com/TylerConlee/TicketPulse/middlewares/sse.go:16.32,21.2 1 0
github.com/TylerConlee/TicketPulse/middlewares/sse.go:23.71,25.9 2 0
github.com/TylerConlee/TicketPulse/middlewares/sse.go:25.9,28.3 2 0
github.com/TylerConlee/TicketPulse/middlewares/sse.go:30.2,35.15 5 0
github.com/TylerConlee/TicketPulse/middlewares/sse.go:35.15,40.3 4 0
github.com/TylerConlee/TicketPulse/middlewares/sse.go:42.2,48.54 5 0
github.com/TylerConlee/TicketPulse/middlewares/sse.go:48.54,56.3 3 0
github.com/TylerConlee/TicketPulse/middlewares/sse.go:57.2,59.6 2 0
github.com/TylerConlee/TicketPulse/middlewares/sse.go:59.6,60.10 1 0
github.com/TylerConlee/TicketPulse/middlewares/sse.go:61.34,63.19 2 0
github.com/TylerConlee/TicketPulse/middlewares/sse.go:64.29,65.10 1 0
github.com/TylerConlee/TicketPulse/middlewares/sse.go:70.47,75.66 4 0
github.com/TylerConlee/TicketPulse/middlewares/sse.go:75.66,76.81 1 0
github.com/TylerConlee/TicketPulse/middlewares/sse.go:76.81,82.27 4 0
github.com/TylerConlee/TicketPulse/middlewares/sse.go:82.27,84.5 1 0
github.com/TylerConlee/TicketPulse/middlewares/sse.go:86.4,86.43 1 0
github.com/TylerConlee/TicketPulse/middlewares/sse.go:90.2,90.32 1 0
github.com/TylerConlee/TicketPulse/middlewares/sse.go:90.32,92.3 1 0
github.com/TylerConlee/TicketPulse/services/clock.go:15.34,17.2 1 1
github.com/TylerConlee/TicketPulse/services/clock.go:25.37,27.2 1 1
github.com/TylerConlee/TicketPulse/services/clock.go:30.46,32.2 1 1
github.com/TylerConlee/TicketPulse/services/clock.go:35.38,37.2 1 1
github.com/TylerConlee/TicketPulse/services/clock.go:40.43,42.2 1 1
github.com/TylerConlee/TicketPulse/services/clock.go:45.35,47.2 1 1
github.com/TylerConlee/TicketPulse/services/dashboard.go:13.60,15.2 1 0
github.com/TylerConlee/TicketPulse/services/dashboard.go:24.84,47.2 6 0
github.com/TylerConlee/TicketPulse/services/polling.go:33.118,41.2 1 1
github.com/TylerConlee/TicketPulse/services/polling.go:44.140,52.2 1 1
github.com/TylerConlee/TicketPulse/services/polling.go:55.58,59.2 1 1
github.com/TylerConlee/TicketPulse/services/polling.go:63.71,68.16 3 1
github.com/TylerConlee/TicketPulse/services/polling.go:68.16,69.26 1 1
github.com/TylerConlee/TicketPulse/services/polling.go:69.26,72.4 2 0
github.com/TylerConlee/TicketPulse/services/polling.go:73.3,74.16 2 1
github.com/TylerConlee/TicketPulse/services/polling.go:78.2,78.25 1 0
github.com/TylerConlee/TicketPulse/services/polling.go:78.25,80.3 1 0
github.com/TylerConlee/TicketPulse/services/polling.go:81.2,84.16 3 0
github.com/TylerConlee/TicketPulse/services/polling.go:84.16,85.26 1 0
github.com/TylerConlee/TicketPulse/services/polling.go:85.26,88.4 2 0
github.com/TylerConlee/TicketPulse/services/polling.go:89.3,90.16 2 0
github.com/TylerConlee/TicketPulse/services/polling.go:92.2,97.16 4 0
github.com/TylerConlee/TicketPulse/services/polling.go:97.16,98.26 1 0
github.com/TylerConlee/TicketPulse/services/polling.go:98.26,101.4 2 0
github.com/TylerConlee/TicketPulse/services/polling.go:102.3,103.16 2 0
github.com/TylerConlee/TicketPulse/services/polling.go:105.2,110.26 4 0
github.com/TylerConlee/TicketPulse/services/polling.go:110.26,112.3 1 0
github.com/TylerConlee/TicketPulse/services/polling.go:112.8,115.3 2 0
github.com/TylerConlee/TicketPulse/services/polling.go:118.2,118.69 1 0
github.com/TylerConlee/TicketPulse/services/polling.go:118.69,120.3 1 0
github.com/TylerConlee/TicketPulse/services/polling.go:123.2,125.15 2 0
github.com/TylerConlee/TicketPulse/services/polling.go:129.61,130.25 1 0
github.com/TylerConlee/TicketPulse/services/polling.go:130.25,132.3 1 0
github.com/TylerConlee/TicketPulse/services/polling.go:134.2,134.6 1 0
github.com/TylerConlee/TicketPulse/services/polling.go:134.6,135.10 1 0
github.com/TylerConlee/TicketPulse/services/polling.go:136.21,138.10 2 0
github.com/TylerConlee/TicketPulse/services/polling.go:139.11,141.27 2 0
github.com/TylerConlee/TicketPulse/services/polling.go:141.27,143.5 1 0
github.com/TylerConlee/TicketPulse/services/polling.go:144.4,144.31 1 0
github.com/TylerConlee/TicketPulse/services/polling.go:150.55,152.2 1 1
github.com/TylerConlee/TicketPulse/services/polling.go:155.56,157.2 1 1
github.com/TylerConlee/TicketPulse/services/scheduler.go:21.88,26.2 1 1
github.com/TylerConlee/TicketPulse/services/scheduler.go:29.64,35.6 4 0
github.com/TylerConlee/TicketPulse/services/scheduler.go:35.6,36.10 1 0
github.com/TylerConlee/TicketPulse/services/scheduler.go:37.21,39.10 2 0
github.com/TylerConlee/TicketPulse/services/scheduler.go:40.19,41.55 1 0
github.com/TylerConlee/TicketPulse/services/scheduler.go:41.55,43.5 1 0
github.com/TylerConlee/TicketPulse/services/scheduler.go:49.77,51.16 2 0
github.com/TylerConlee/TicketPulse/services/scheduler.go:51.16,53.3 1 0
github.com/TylerConlee/TicketPulse/services/scheduler.go:55.2,57.29 2 0
github.com/TylerConlee/TicketPulse/services/scheduler.go:57.29,59.30 1 0
github.com/TylerConlee/TicketPulse/services/scheduler.go:59.30,60.12 1 0
github.com/TylerConlee/TicketPulse/services/scheduler.go:64.3,64.89 1 0
github.com/TylerConlee/TicketPulse/services/scheduler.go:64.89,66.12 2 0
github.com/TylerConlee/TicketPulse/services/scheduler.go:70.3,71.17 2 0
github.com/TylerConlee/TicketPulse/services/scheduler.go:71.17,73.12 2 0
github.com/TylerConlee/TicketPulse/services/scheduler.go:77.3,91.19 10 0
github.com/TylerConlee/TicketPulse/services/scheduler.go:91.19,93.4 1 0
github.com/TylerConlee/TicketPulse/services/scheduler.go:96.3,96.20 1 0
github.com/TylerConlee/TicketPulse/services/scheduler.go:96.20,100.18 3 0
github.com/TylerConlee/TicketPulse/services/scheduler.go:100.18,102.13 1 0
github.com/TylerConlee/TicketPulse/services/scheduler.go:106.4,106.56 1 0
github.com/TylerConlee/TicketPulse/services/scheduler.go:106.56,108.13 2 0
github.com/TylerConlee/TicketPulse/services/scheduler.go:112.4,112.82 1 0
github.com/TylerConlee/TicketPulse/services/scheduler.go:112.82,114.5 1 0
github.com/TylerConlee/TicketPulse/services/scheduler.go:118.2,118.12 1 0
github.com/TylerConlee/TicketPulse/services/scheduler.go:122.90,125.16 2 0
github.com/TylerConlee/TicketPulse/services/scheduler.go:125.16,127.3 1 0
github.com/TylerConlee/TicketPulse/services/scheduler.go:130.2,131.54 2 0
github.com/TylerConlee/TicketPulse/services/scheduler.go:131.54,133.17 2 0
github.com/TylerConlee/TicketPulse/services/scheduler.go:133.17,135.4 1 0
github.com/TylerConlee/TicketPulse/services/scheduler.go:135.9,138.36 2 0
github.com/TylerConlee/TicketPulse/services/scheduler.go:138.36,139.27 1 0
github.com/TylerConlee/TicketPulse/services/scheduler.go:139.27,142.6 2 0
github.com/TylerConlee/TicketPulse/services/scheduler.go:148.2,154.25 5 0
github.com/TylerConlee/TicketPulse/services/scheduler.go:154.25,156.3 1 0
github.com/TylerConlee/TicketPulse/services/scheduler.go:157.2,158.28 2 0
github.com/TylerConlee/TicketPulse/services/scheduler.go:158.28,160.3 1 0
github.com/TylerConlee/TicketPulse/services/scheduler.go:163.2,164.16 2 0
github.com/TylerConlee/TicketPulse/services/scheduler.go:164.16,166.3 1 0
github.com/TylerConlee/TicketPulse/services/scheduler.go:168.2,169.12 2 0
github.com/TylerConlee/TicketPulse/services/slack.go:56.95,59.34 3 0
github.com/TylerConlee/TicketPulse/services/slack.go:59.34,62.3 2 0
github.com/TylerConlee/TicketPulse/services/slack.go:64.2,65.34 2 0
github.com/TylerConlee/TicketPulse/services/slack.go:65.34,68.3 2 0
github.com/TylerConlee/TicketPulse/services/slack.go:70.2,85.6 6 0
github.com/TylerConlee/TicketPulse/services/slack.go:85.6,87.17 2 0
github.com/TylerConlee/TicketPulse/services/slack.go:87.17,89.4 1 0
github.com/TylerConlee/TicketPulse/services/slack.go:91.3,93.23 2 0
github.com/TylerConlee/TicketPulse/services/slack.go:93.23,94.9 1 0
github.com/TylerConlee/TicketPulse/services/slack.go:97.3,98.30 2 0
github.com/TylerConlee/TicketPulse/services/slack.go:100.2,107.8 1 0
github.com/TylerConlee/TicketPulse/services/slack.go:111.39,113.2 1 1
github.com/TylerConlee/TicketPulse/services/slack.go:115.68,117.2 1 0
github.com/TylerConlee/TicketPulse/services/slack.go:119.67,135.16 3 0
github.com/TylerConlee/TicketPulse/services/slack.go:135.16,137.3 1 0
github.com/TylerConlee/TicketPulse/services/slack.go:138.2,138.12 1 0
github.com/TylerConlee/TicketPulse/services/slack.go:141.42,143.12 1 0
github.com/TylerConlee/TicketPulse/services/slack.go:143.12,145.40 1 0
github.com/TylerConlee/TicketPulse/services/slack.go:145.40,147.20 1 0
github.com/TylerConlee/TicketPulse/services/slack.go:148.41,150.12 2 0
github.com/TylerConlee/TicketPulse/services/slack.go:150.12,151.14 1 0
github.com/TylerConlee/TicketPulse/services/slack.go:154.5,154.59 1 0
github.com/TylerConlee/TicketPulse/services/slack.go:154.59,156.42 2 0
github.com/TylerConlee/TicketPulse/services/slack.go:156.42,158.7 1 0
github.com/TylerConlee/TicketPulse/services/slack.go:161.5,161.35 1 0
github.com/TylerConlee/TicketPulse/services/slack.go:165.2,165.20 1 0
github.com/TylerConlee/TicketPulse/services/slack.go:169.78,180.57 3 0
github.com/TylerConlee/TicketPulse/services/slack.go:180.57,182.47 1 0
github.com/TylerConlee/TicketPulse/services/slack.go:182.47,184.4 1 0
github.com/TylerConlee/TicketPulse/services/slack.go:188.2,192.16 3 0
github.com/TylerConlee/TicketPulse/services/slack.go:192.16,194.3 1 0
github.com/TylerConlee/TicketPulse/services/slack.go:197.158,200.42 2 0
github.com/TylerConlee/TicketPulse/services/slack.go:200.42,202.3 1 0
github.com/TylerConlee/TicketPulse/services/slack.go:203.2,207.16 3 0
github.com/TylerConlee/TicketPulse/services/slack.go:207.16,209.3 1 0
github.com/TylerConlee/TicketPulse/services/slack.go:212.2,214.16 3 0
github.com/TylerConlee/TicketPulse/services/slack.go:214.16,216.3 1 0
github.com/TylerConlee/TicketPulse/services/slack.go:216.8,218.3 1 0
github.com/TylerConlee/TicketPulse/services/slack.go:221.2,222.31 2 0
github.com/TylerConlee/TicketPulse/services/slack.go:222.31,224.17 2 0
github.com/TylerConlee/TicketPulse/services/slack.go:224.17,226.4 1 0
github.com/TylerConlee/TicketPulse/services/slack.go:226.9,228.4 1 0
github.com/TylerConlee/TicketPulse/services/slack.go:232.2,233.54 2 0
github.com/TylerConlee/TicketPulse/services/slack.go:233.54,235.3 1 0
github.com/TylerConlee/TicketPulse/services/slack.go:238.2,256.19 4 0
github.com/TylerConlee/TicketPulse/services/slack.go:257.20,259.151 2 0
github.com/TylerConlee/TicketPulse/services/slack.go:260.23,262.152 2 0
github.com/TylerConlee/TicketPulse/services/slack.go:263.22,265.116 2 0
github.com/TylerConlee/TicketPulse/services/slack.go:266.10,268.85 2 0
github.com/TylerConlee/TicketPulse/services/slack.go:272.2,283.28 5 0
github.com/TylerConlee/TicketPulse/services/slack.go:283.28,285.3 1 0
github.com/TylerConlee/TicketPulse/services/slack.go:288.2,288.51 1 0
github.com/TylerConlee/TicketPulse/services/slack.go:288.51,290.3 1 0
github.com/TylerConlee/TicketPulse/services/slack.go:293.2,304.16 6 0
github.com/TylerConlee/TicketPulse/services/slack.go:304.16,306.3 1 0
github.com/TylerConlee/TicketPulse/services/slack.go:308.2,309.12 2 0
github.com/TylerConlee/TicketPulse/services/slack.go:312.71,314.16 2 0
github.com/TylerConlee/TicketPulse/services/slack.go:314.16,316.3 1 0
github.com/TylerConlee/TicketPulse/services/slack.go:318.2,318.19 1 0
github.com/TylerConlee/TicketPulse/services/slack.go:318.19,320.3 1 0
github.com/TylerConlee/TicketPulse/services/slack.go:322.2,322.21 1 0
github.com/TylerConlee/TicketPulse/services/slack.go:325.97,341.16 4 0
github.com/TylerConlee/TicketPulse/services/slack.go:341.16,344.3 2 0
github.com/TylerConlee/TicketPulse/services/slack.go:347.2,347.38 1 0
github.com/TylerConlee/TicketPulse/services/slack.go:350.202,357.28 2 0
github.com/TylerConlee/TicketPulse/services/slack.go:357.28,359.40 2 0
github.com/TylerConlee/TicketPulse/services/slack.go:359.40,362.4 2 0
github.com/TylerConlee/TicketPulse/services/slack.go:363.3,363.51 1 0
github.com/TylerConlee/TicketPulse/services/slack.go:367.2,367.33 1 0
github.com/TylerConlee/TicketPulse/services/slack.go:367.33,369.45 2 0
github.com/TylerConlee/TicketPulse/services/slack.go:369.45,373.4 3 0
github.com/TylerConlee/TicketPulse/services/slack.go:374.3,374.51 1 0
github.com/TylerConlee/TicketPulse/services/slack.go:378.2,378.26 1 0
github.com/TylerConlee/TicketPulse/services/slack.go:378.26,380.36 2 0
github.com/TylerConlee/TicketPulse/services/slack.go:380.36,383.4 2 0
github.com/TylerConlee/TicketPulse/services/slack.go:384.3,384.51 1 0
github.com/TylerConlee/TicketPulse/services/slack.go:388.2,389.12 2 0
github.com/TylerConlee/TicketPulse/services/summary.go:25.100,36.21 8 0
github.com/TylerConlee/TicketPulse/services/summary.go:36.21,38.17 2 0
github.com/TylerConlee/TicketPulse/services/summary.go:38.17,40.4 1 0
github.com/TylerConlee/TicketPulse/services/summary.go:41.3,45.17 4 0
github.com/TylerConlee/TicketPulse/services/summary.go:45.17,47.4 1 0
github.com/TylerConlee/TicketPulse/services/summary.go:48.3,50.39 2 0
github.com/TylerConlee/TicketPulse/services/summary.go:50.39,52.4 1 0
github.com/TylerConlee/TicketPulse/services/summary.go:54.3,63.68 2 0
github.com/TylerConlee/TicketPulse/services/summary.go:63.68,65.4 1 0
github.com/TylerConlee/TicketPulse/services/summary.go:67.3,67.47 1 0
github.com/TylerConlee/TicketPulse/services/summary.go:67.47,69.54 2 0
github.com/TylerConlee/TicketPulse/services/summary.go:69.54,73.5 1 0
github.com/TylerConlee/TicketPulse/services/summary.go:76.3,76.29 1 0
github.com/TylerConlee/TicketPulse/services/summary.go:79.2,79.33 1 0
github.com/TylerConlee/TicketPulse/services/summary.go:83.95,92.21 6 0
github.com/TylerConlee/TicketPulse/services/summary.go:92.21,94.17 2 0
github.com/TylerConlee/TicketPulse/services/summary.go:94.17,96.4 1 0
github.com/TylerConlee/TicketPulse/services/summary.go:97.3,101.17 4 0
github.com/TylerConlee/TicketPulse/services/summary.go:101.17,103.4 1 0
github.com/TylerConlee/TicketPulse/services/summary.go:104.3,106.39 2 0
github.com/TylerConlee/TicketPulse/services/summary.go:106.39,108.4 1 0
github.com/TylerConlee/TicketPulse/services/summary.go:110.3,114.68 2 0
github.com/TylerConlee/TicketPulse/services/summary.go:114.68,116.4 1 0
github.com/TylerConlee/TicketPulse/services/summary.go:118.3,120.29 2 0
github.com/TylerConlee/TicketPulse/services/summary.go:123.2,123.24 1 0
github.com/TylerConlee/TicketPulse/services/summary.go:127.108,136.21 6 0
github.com/TylerConlee/TicketPulse/services/summary.go:136.21,138.17 2 0
github.com/TylerConlee/TicketPulse/services/summary.go:138.17,140.4 1 0
github.com/TylerConlee/TicketPulse/services/summary.go:141.3,145.17 4 0
github.com/TylerConlee/TicketPulse/services/summary.go:145.17,147.4 1 0
github.com/TylerConlee/TicketPulse/services/summary.go:148.3,150.39 2 0
github.com/TylerConlee/TicketPulse/services/summary.go:150.39,152.4 1 0
github.com/TylerConlee/TicketPulse/services/summary.go:154.3,158.68 2 0
github.com/TylerConlee/TicketPulse/services/summary.go:158.68,160.4 1 0
github.com/TylerConlee/TicketPulse/services/summary.go:162.3,164.29 2 0
github.com/TylerConlee/TicketPulse/services/summary.go:167.2,167.24 1 0
github.com/TylerConlee/TicketPulse/services/summary.go:171.78,179.16 6 1
github.com/TylerConlee/TicketPulse/services/summary.go:179.16,181.3 1 0
github.com/TylerConlee/TicketPulse/services/summary.go:182.2,186.16 4 1
github.com/TylerConlee/TicketPulse/services/summary.go:186.16,188.3 1 0
github.com/TylerConlee/TicketPulse/services/summary.go:189.2,191.38 2 1
github.com/TylerConlee/TicketPulse/services/summary.go:191.38,193.3 1 1
github.com/TylerConlee/TicketPulse/services/summary.go:195.2,198.67 2 1
github.com/TylerConlee/TicketPulse/services/summary.go:198.67,200.3 1 0
github.com/TylerConlee/TicketPulse/services/summary.go:202.2,202.30 1 1
github.com/TylerConlee/TicketPulse/services/summary.go:202.30,204.3 1 1
github.com/TylerConlee/TicketPulse/services/summary.go:206.2,206.32 1 1
github.com/TylerConlee/TicketPulse/services/summary.go:210.109,218.16 6 1
github.com/TylerConlee/TicketPulse/services/summary.go:218.16,220.3 1 0
github.com/TylerConlee/TicketPulse/services/summary.go:221.2,225.16 4 1
github.com/TylerConlee/TicketPulse/services/summary.go:225.16,227.3 1 0
github.com/TylerConlee/TicketPulse/services/summary.go:228.2,230.38 2 1
github.com/TylerConlee/TicketPulse/services/summary.go:230.38,232.3 1 0
github.com/TylerConlee/TicketPulse/services/summary.go:234.2,237.67 2 1
github.com/TylerConlee/TicketPulse/services/summary.go:237.67,239.3 1 0
github.com/TylerConlee/TicketPulse/services/summary.go:241.2,241.28 1 1
github.com/TylerConlee/TicketPulse/services/summary.go:245.221,248.16 2 0
github.com/TylerConlee/TicketPulse/services/summary.go:248.16,250.3 1 0
github.com/TylerConlee/TicketPulse/services/summary.go:253.2,254.16 2 0
github.com/TylerConlee/TicketPulse/services/summary.go:254.16,256.3 1 0
github.com/TylerConlee/TicketPulse/services/summary.go:259.2,260.46 2 0
github.com/TylerConlee/TicketPulse/services/summary.go:260.46,263.17 2 0
github.com/TylerConlee/TicketPulse/services/summary.go:263.17,265.4 1 0
github.com/TylerConlee/TicketPulse/services/summary.go:266.8,269.17 2 0
github.com/TylerConlee/TicketPulse/services/summary.go:269.17,271.4 1 0
github.com/TylerConlee/TicketPulse/services/summary.go:275.2,275.67 1 0
github.com/TylerConlee/TicketPulse/services/summary.go:275.67,277.3 1 0
github.com/TylerConlee/TicketPulse/services/summary.go:280.2,281.16 2 0
github.com/TylerConlee/TicketPulse/services/summary.go:281.16,283.3 1 0
github.com/TylerConlee/TicketPulse/services/summary.go:286.2,287.16 2 0
github.com/TylerConlee/TicketPulse/services/summary.go:287.16,289.3 1 0
github.com/TylerConlee/TicketPulse/services/summary.go:292.2,302.16 5 0
github.com/TylerConlee/TicketPulse/services/summary.go:302.16,304.3 1 0
github.com/TylerConlee/TicketPulse/services/summary.go:305.2,305.36 1 0
github.com/TylerConlee/TicketPulse/services/summary.go:305.36,307.3 1 0
github.com/TylerConlee/TicketPulse/services/summary.go:308.2,312.16 3 0
github.com/TylerConlee/TicketPulse/services/summary.go:312.16,314.3 1 0
github.com/TylerConlee/TicketPulse/services/summary.go:316.2,316.28 1 0
github.com/TylerConlee/TicketPulse/services/summary.go:320.106,323.16 2 1
github.com/TylerConlee/TicketPulse/services/summary.go:323.16,325.3 1 1
github.com/TylerConlee/TicketPulse/services/summary.go:327.2,343.35 9 1
github.com/TylerConlee/TicketPulse/services/summary.go:343.35,347.3 2 0
github.com/TylerConlee/TicketPulse/services/summary.go:347.8,347.40 1 1
github.com/TylerConlee/TicketPulse/services/summary.go:347.40,350.3 1 1
github.com/TylerConlee/TicketPulse/services/summary.go:350.8,353.3 1 1
github.com/TylerConlee/TicketPulse/services/summary.go:357.88,360.31 3 1
github.com/TylerConlee/TicketPulse/services/summary.go:360.31,362.3 1 1
github.com/TylerConlee/TicketPulse/services/summary.go:364.2,364.33 1 1
github.com/TylerConlee/TicketPulse/services/summary.go:364.33,365.41 1 1
github.com/TylerConlee/TicketPulse/services/summary.go:365.41,366.25 1 1
github.com/TylerConlee/TicketPulse/services/summary.go:366.25,368.10 2 1
github.com/TylerConlee/TicketPulse/services/summary.go:373.2,373.24 1 1
github.com/TylerConlee/TicketPulse/services/summary.go:377.87,379.33 2 1
github.com/TylerConlee/TicketPulse/services/summary.go:379.33,381.25 2 1
github.com/TylerConlee/TicketPulse/services/summary.go:381.25,383.4 1 1
github.com/TylerConlee/TicketPulse/services/summary.go:385.2,385.22 1 1
github.com/TylerConlee/TicketPulse/services/summary.go:389.103,392.33 2 1
github.com/TylerConlee/TicketPulse/services/summary.go:392.33,393.52 1 1
github.com/TylerConlee/TicketPulse/services/summary.go:393.52,395.49 1 1
github.com/TylerConlee/TicketPulse/services/summary.go:395.49,396.33 1 1
github.com/TylerConlee/TicketPulse/services/summary.go:396.33,398.11 2 1
github.com/TylerConlee/TicketPulse/services/summary.go:404.2,404.25 1 1
github.com/TylerConlee/TicketPulse/services/summary.go:407.155,413.28 3 1
github.com/TylerConlee/TicketPulse/services/summary.go:413.28,415.40 2 1
github.com/TylerConlee/TicketPulse/services/summary.go:415.40,417.4 1 1
github.com/TylerConlee/TicketPulse/services/summary.go:418.8,420.3 1 1
github.com/TylerConlee/TicketPulse/services/summary.go:423.2,423.33 1 1
github.com/TylerConlee/TicketPulse/services/summary.go:423.33,425.45 2 1
github.com/TylerConlee/TicketPulse/services/summary.go:425.45,427.4 1 1
github.com/TylerConlee/TicketPulse/services/summary.go:428.8,430.3 1 1
github.com/TylerConlee/TicketPulse/services/summary.go:433.2,433.26 1 1
github.com/TylerConlee/TicketPulse/services/summary.go:433.26,435.38 2 0
github.com/TylerConlee/TicketPulse/services/summary.go:435.38,437.4 1 0
github.com/TylerConlee/TicketPulse/services/summary.go:438.8,440.3 1 1
github.com/TylerConlee/TicketPulse/services/summary.go:442.2,442.20 1 1
github.com/TylerConlee/TicketPulse/services/summary.go:445.61,447.28 2 1
github.com/TylerConlee/TicketPulse/services/summary.go:447.28,449.3 1 0
github.com/TylerConlee/TicketPulse/services/summary.go:450.2,450.13 1 1
github.com/TylerConlee/TicketPulse/services/zendesk.go:82.38,86.2 1 1
github.com/TylerConlee/TicketPulse/services/zendesk.go:89.63,91.2 1 1
github.com/TylerConlee/TicketPulse/services/zendesk.go:95.96,97.35 2 1
github.com/TylerConlee/TicketPulse/services/zendesk.go:97.35,99.3 1 1
github.com/TylerConlee/TicketPulse/services/zendesk.go:100.2,101.31 2 0
github.com/TylerConlee/TicketPulse/services/zendesk.go:101.31,103.3 1 0
github.com/TylerConlee/TicketPulse/services/zendesk.go:104.2,105.34 2 0
github.com/TylerConlee/TicketPulse/services/zendesk.go:105.34,107.3 1 0
github.com/TylerConlee/TicketPulse/services/zendesk.go:109.2,110.16 2 0
github.com/TylerConlee/TicketPulse/services/zendesk.go:110.16,112.3 1 0
github.com/TylerConlee/TicketPulse/services/zendesk.go:113.2,123.8 3 0
github.com/TylerConlee/TicketPulse/services/zendesk.go:128.108,137.2 1 1
github.com/TylerConlee/TicketPulse/services/zendesk.go:140.125,145.6 3 0
github.com/TylerConlee/TicketPulse/services/zendesk.go:145.6,147.17 2 0
github.com/TylerConlee/TicketPulse/services/zendesk.go:147.17,151.12 4 0
github.com/TylerConlee/TicketPulse/services/zendesk.go:154.3,157.17 4 0
github.com/TylerConlee/TicketPulse/services/zendesk.go:157.17,161.12 4 0
github.com/TylerConlee/TicketPulse/services/zendesk.go:163.3,166.17 3 0
github.com/TylerConlee/TicketPulse/services/zendesk.go:166.17,170.12 4 0
github.com/TylerConlee/TicketPulse/services/zendesk.go:172.3,175.27 3 0
github.com/TylerConlee/TicketPulse/services/zendesk.go:175.27,177.4 1 0
github.com/TylerConlee/TicketPulse/services/zendesk.go:177.9,179.4 1 0
github.com/TylerConlee/TicketPulse/services/zendesk.go:182.3,182.67 1 0
github.com/TylerConlee/TicketPulse/services/zendesk.go:182.67,184.4 1 0
github.com/TylerConlee/TicketPulse/services/zendesk.go:186.3,187.30 2 0
github.com/TylerConlee/TicketPulse/services/zendesk.go:191.220,194.16 2 0
github.com/TylerConlee/TicketPulse/services/zendesk.go:194.16,197.3 2 0
github.com/TylerConlee/TicketPulse/services/zendesk.go:198.2,203.35 4 0
github.com/TylerConlee/TicketPulse/services/zendesk.go:203.35,205.3 1 0
github.com/TylerConlee/TicketPulse/services/zendesk.go:207.2,207.33 1 0
github.com/TylerConlee/TicketPulse/services/zendesk.go:207.33,208.34 1 0
github.com/TylerConlee/TicketPulse/services/zendesk.go:208.34,209.12 1 0
github.com/TylerConlee/TicketPulse/services/zendesk.go:213.3,214.41 2 0
github.com/TylerConlee/TicketPulse/services/zendesk.go:214.41,215.53 1 0
github.com/TylerConlee/TicketPulse/services/zendesk.go:215.53,217.5 1 0
github.com/TylerConlee/TicketPulse/services/zendesk.go:220.3,220.39 1 0
github.com/TylerConlee/TicketPulse/services/zendesk.go:220.39,227.27 6 0
github.com/TylerConlee/TicketPulse/services/zendesk.go:228.28,229.36 1 0
github.com/TylerConlee/TicketPulse/services/zendesk.go:230.31,231.59 1 0
github.com/TylerConlee/TicketPulse/services/zendesk.go:231.59,233.20 2 0
github.com/TylerConlee/TicketPulse/services/zendesk.go:233.20,235.15 2 0
github.com/TylerConlee/TicketPulse/services/zendesk.go:239.6,239.77 1 0
github.com/TylerConlee/TicketPulse/services/zendesk.go:239.77,241.7 1 0
github.com/TylerConlee/TicketPulse/services/zendesk.go:241.12,243.7 1 0
github.com/TylerConlee/TicketPulse/services/zendesk.go:246.71,248.46 2 0
github.com/TylerConlee/TicketPulse/services/zendesk.go:248.46,250.51 1 0
github.com/TylerConlee/TicketPulse/services/zendesk.go:250.51,252.19 2 0
github.com/TylerConlee/TicketPulse/services/zendesk.go:252.19,253.16 1 0
github.com/TylerConlee/TicketPulse/services/zendesk.go:257.7,258.40 2 0
github.com/TylerConlee/TicketPulse/services/zendesk.go:258.40,260.8 1 0
github.com/TylerConlee/TicketPulse/services/zendesk.go:260.13,260.52 1 0
github.com/TylerConlee/TicketPulse/services/zendesk.go:260.52,262.8 1 0
github.com/TylerConlee/TicketPulse/services/zendesk.go:262.13,264.16 1 0
github.com/TylerConlee/TicketPulse/services/zendesk.go:269.7,270.59 2 0
github.com/TylerConlee/TicketPulse/services/zendesk.go:270.59,272.16 1 0
github.com/TylerConlee/TicketPulse/services/zendesk.go:275.7,279.26 3 0
github.com/TylerConlee/TicketPulse/services/zendesk.go:279.26,281.8 1 0
github.com/TylerConlee/TicketPulse/services/zendesk.go:282.7,285.21 2 0
github.com/TylerConlee/TicketPulse/services/zendesk.go:285.21,286.40 1 0
github.com/TylerConlee/TicketPulse/services/zendesk.go:286.40,290.9 1 0
github.com/TylerConlee/TicketPulse/services/zendesk.go:290.14,292.17 1 0
github.com/TylerConlee/TicketPulse/services/zendesk.go:297.7,307.75 3 0
github.com/TylerConlee/TicketPulse/services/zendesk.go:307.75,309.8 1 0
github.com/TylerConlee/TicketPulse/services/zendesk.go:312.7,330.21 7 0
github.com/TylerConlee/TicketPulse/services/zendesk.go:330.21,332.8 1 0
github.com/TylerConlee/TicketPulse/services/zendesk.go:338.4,338.37 1 0
github.com/TylerConlee/TicketPulse/services/zendesk.go:338.37,351.19 7 0
github.com/TylerConlee/TicketPulse/services/zendesk.go:351.19,353.6 1 0
github.com/TylerConlee/TicketPulse/services/zendesk.go:356.3,356.37 1 0
github.com/TylerConlee/TicketPulse/services/zendesk.go:358.2,359.83 2 0
github.com/TylerConlee/TicketPulse/services/zendesk.go:364.81,365.30 1 1
github.com/TylerConlee/TicketPulse/services/zendesk.go:365.30,367.3 1 1
github.com/TylerConlee/TicketPulse/services/zendesk.go:370.2,371.74 2 1
github.com/TylerConlee/TicketPulse/services/zendesk.go:371.74,373.3 1 1
github.com/TylerConlee/TicketPulse/services/zendesk.go:373.8,373.90 1 1
github.com/TylerConlee/TicketPulse/services/zendesk.go:373.90,375.3 1 1
github.com/TylerConlee/TicketPulse/services/zendesk.go:375.8,378.3 1 1
github.com/TylerConlee/TicketPulse/services/zendesk.go:380.2,381.23 2 1
github.com/TylerConlee/TicketPulse/services/zendesk.go:381.23,383.3 1 1
github.com/TylerConlee/TicketPulse/services/zendesk.go:384.2,384.9 1 1
github.com/TylerConlee/TicketPulse/services/zendesk.go:385.67,386.68 1 1
github.com/TylerConlee/TicketPulse/services/zendesk.go:387.67,388.68 1 1
github.com/TylerConlee/TicketPulse/services/zendesk.go:389.70,390.67 1 1
github.com/TylerConlee/TicketPulse/services/zendesk.go:391.73,392.71 1 1
github.com/TylerConlee/TicketPulse/services/zendesk.go:393.39,394.71 1 1
github.com/TylerConlee/TicketPulse/services/zendesk.go:396.2,396.26 1 1
github.com/TylerConlee/TicketPulse/services/zendesk.go:400.60,401.33 1 1
github.com/TylerConlee/TicketPulse/services/zendesk.go:401.33,402.22 1 1
github.com/TylerConlee/TicketPulse/services/zendesk.go:402.22,404.4 1 1
github.com/TylerConlee/TicketPulse/services/zendesk.go:406.2,406.14 1 1
github.com/TylerConlee/TicketPulse/services/zendesk.go:410.46,414.2 2 1
github.com/TylerConlee/TicketPulse/services/zendesk.go:417.74,419.2 1 1
github.com/TylerConlee/TicketPulse/services/zendesk.go:422.79,425.2 1 0
github.com/TylerConlee/TicketPulse/services/zendesk.go:428.72,432.16 3 1
github.com/TylerConlee/TicketPulse/services/zendesk.go:432.16,434.3 1 0
github.com/TylerConlee/TicketPulse/services/zendesk.go:435.2,439.16 4 1
github.com/TylerConlee/TicketPulse/services/zendesk.go:439.16,441.3 1 0
github.com/TylerConlee/TicketPulse/services/zendesk.go:442.2,444.38 2 1
github.com/TylerConlee/TicketPulse/services/zendesk.go:444.38,446.3 1 1
github.com/TylerConlee/TicketPulse/services/zendesk.go:448.2,451.67 2 1
github.com/TylerConlee/TicketPulse/services/zendesk.go:451.67,453.3 1 0
github.com/TylerConlee/TicketPulse/services/zendesk.go:455.2,455.26 1 1
github.com/TylerConlee/TicketPulse/services/zendesk.go:459.91,463.16 3 1
github.com/TylerConlee/TicketPulse/services/zendesk.go:463.16,465.3 1 0
github.com/TylerConlee/TicketPulse/services/zendesk.go:466.2,470.16 4 1
github.com/TylerConlee/TicketPulse/services/zendesk.go:470.16,472.3 1 0
github.com/TylerConlee/TicketPulse/services/zendesk.go:473.2,475.38 2 1
github.com/TylerConlee/TicketPulse/services/zendesk.go:475.38,477.3 1 1
github.com/TylerConlee/TicketPulse/services/zendesk.go:479.2,482.67 2 1
github.com/TylerConlee/TicketPulse/services/zendesk.go:482.67,484.3 1 0
github.com/TylerConlee/TicketPulse/services/zendesk.go:486.2,486.34 1 1
github.com/TylerConlee/TicketPulse/services/zendesk.go:491.92,500.19 7 0
github.com/TylerConlee/TicketPulse/services/zendesk.go:500.19,502.17 2 0
github.com/TylerConlee/TicketPulse/services/zendesk.go:502.17,504.4 1 0
github.com/TylerConlee/TicketPulse/services/zendesk.go:507.3,507.25 1 0
github.com/TylerConlee/TicketPulse/services/zendesk.go:507.25,508.12 1 0
github.com/TylerConlee/TicketPulse/services/zendesk.go:511.3,514.55 2 0
github.com/TylerConlee/TicketPulse/services/zendesk.go:514.55,516.48 2 0
github.com/TylerConlee/TicketPulse/services/zendesk.go:516.48,521.19 3 0
github.com/TylerConlee/TicketPulse/services/zendesk.go:521.19,524.6 1 0
github.com/TylerConlee/TicketPulse/services/zendesk.go:526.5,526.47 1 0
github.com/TylerConlee/TicketPulse/services/zendesk.go:532.2,532.36 1 0
github.com/TylerConlee/TicketPulse/services/zendesk.go:532.36,534.3 1 0
github.com/TylerConlee/TicketPulse/services/zendesk.go:536.2,536.46 1 0
github.com/TylerConlee/TicketPulse/services/zendesk.go:540.75,542.48 2 0
github.com/TylerConlee/TicketPulse/services/zendesk.go:542.48,544.3 1 0
github.com/TylerConlee/TicketPulse/services/zendesk.go:546.2,547.103 2 0
github.com/TylerConlee/TicketPulse/testutil/http.go:19.79,20.90 1 0
github.com/TylerConlee/TicketPulse/testutil/http.go:20.90,21.49 1 0
github.com/TylerConlee/TicketPulse/testutil/http.go:21.49,22.50 1 0
github.com/TylerConlee/TicketPulse/testutil/http.go:22.50,24.29 2 0
github.com/TylerConlee/TicketPulse/testutil/http.go:24.29,26.6 1 0
github.com/TylerConlee/TicketPulse/testutil/http.go:27.5,27.11 1 0
github.com/TylerConlee/TicketPulse/testutil/http.go:31.3,31.50 1 0
github.com/TylerConlee/TicketPulse/testutil/http.go:37.84,39.36 2 0
github.com/TylerConlee/TicketPulse/testutil/http.go:39.36,41.3 1 0
github.com/TylerConlee/TicketPulse/testutil/http.go:42.2,42.44 1 0
github.com/TylerConlee/TicketPulse/testutil/http.go:46.81,48.2 1 0
github.com/TylerConlee/TicketPulse/testutil/session.go:15.107,22.2 6 0
github.com/TylerConlee/TicketPulse/testutil/session.go:25.70,27.2 1 0
github.com/TylerConlee/TicketPulse/testutil/session.go:30.115,36.2 5 0
github.com/TylerConlee/TicketPulse/testutil/testutil.go:10.36,12.2 1 1
github.com/TylerConlee/TicketPulse/testutil/testutil.go:15.46,16.21 1 1
github.com/TylerConlee/TicketPulse/testutil/testutil.go:16.21,18.3 1 1
github.com/TylerConlee/TicketPulse/testutil/testutil.go:27.38,31.2 1 0
github.com/TylerConlee/TicketPulse/testutil/testutil.go:34.34,36.2 1 0
github.com/TylerConlee/TicketPulse/testutil/testutil.go:39.48,41.2 1 0
github.com/TylerConlee/TicketPulse/middlewares/notification.go:26.86,39.22 5 0
github.com/TylerConlee/TicketPulse/middlewares/notification.go:39.22,42.3 2 0
github.com/TylerConlee/TicketPulse/middlewares/notification.go:46.66,48.2 1 0
github.com/TylerConlee/TicketPulse/middlewares/notification.go:51.61,52.71 1 0
github.com/TylerConlee/TicketPulse/middlewares/notification.go:52.71,64.3 6 0
github.com/TylerConlee/TicketPulse/middlewares/notification.go:68.66,70.9 2 0
github.com/TylerConlee/TicketPulse/middlewares/notification.go:70.9,72.3 1 0
github.com/TylerConlee/TicketPulse/middlewares/notification.go:73.2,73.22 1 0
github.com/TylerConlee/TicketPulse/middlewares/sse.go:16.32,21.2 1 0
github.com/TylerConlee/TicketPulse/middlewares/sse.go:23.71,25.9 2 0
github.com/TylerConlee/TicketPulse/middlewares/sse.go:25.9,28.3 2 0
github.com/TylerConlee/TicketPulse/middlewares/sse.go:30.2,35.15 5 0
github.com/TylerConlee/TicketPulse/middlewares/sse.go:35.15,40.3 4 0
github.com/TylerConlee/TicketPulse/middlewares/sse.go:42.2,48.54 5 0
github.com/TylerConlee/TicketPulse/middlewares/sse.go:48.54,56.3 3 0
github.com/TylerConlee/TicketPulse/middlewares/sse.go:57.2,59.6 2 0
github.com/TylerConlee/TicketPulse/middlewares/sse.go:59.6,60.10 1 0
github.com/TylerConlee/TicketPulse/middlewares/sse.go:61.34,63.19 2 0
github.com/TylerConlee/TicketPulse/middlewares/sse.go:64.29,65.10 1 0
github.com/TylerConlee/TicketPulse/middlewares/sse.go:70.47,75.66 4 0
github.com/TylerConlee/TicketPulse/middlewares/sse.go:75.66,76.81 1 0
github.com/TylerConlee/TicketPulse/middlewares/sse.go:76.81,82.27 4 0
github.com/TylerConlee/TicketPulse/middlewares/sse.go:82.27,84.5 1 0
github.com/TylerConlee/TicketPulse/middlewares/sse.go:86.4,86.43 1 0
github.com/TylerConlee/TicketPulse/middlewares/sse.go:90.2,90.32 1 0
github.com/TylerConlee/TicketPulse/middlewares/sse.go:90.32,92.3 1 0
